31307,0,0,0,0,0,0,0,33,0,0,0,33,100,0,66,0
0.0,16.0,16.0,14.0,16.0,15.0,16.0,15.0,14.0,14.0,14.0,15.0,15.0,15.0,17.0,14.0
16.0,0.0,15.0,15.0,16.0,17.0,15.0,14.0,16.0,14.0,14.0,15.0,13.0,15.0,17.0,15.0
16.0,15.0,0.0,14.0,16.0,15.0,16.0,13.0,13.0,12.0,14.0,13.0,15.0,15.0,17.0,13.0
14.0,15.0,14.0,0.0,14.0,12.0,10.0,9.0,12.0,10.0,10.0,14.0,14.0,13.0,17.0,11.0
16.0,16.0,16.0,14.0,0.0,15.0,13.0,14.0,14.0,15.0,14.0,15.0,16.0,13.0,16.0,16.0
15.0,17.0,15.0,12.0,15.0,0.0,14.0,13.0,15.0,15.0,13.0,16.0,15.0,15.0,17.0,14.0
16.0,15.0,16.0,10.0,13.0,14.0,0.0,11.0,13.0,12.0,11.0,14.0,14.0,12.0,17.0,11.0
15.0,14.0,13.0,9.0,14.0,13.0,11.0,0.0,13.0,10.0,11.0,14.0,13.0,14.0,16.0,10.0
14.0,16.0,13.0,12.0,14.0,15.0,13.0,13.0,0.0,14.0,13.0,13.0,12.0,14.0,14.0,13.0
14.0,14.0,12.0,10.0,15.0,15.0,12.0,10.0,14.0,0.0,12.0,14.0,14.0,14.0,17.0,10.0
14.0,14.0,14.0,10.0,14.0,13.0,11.0,11.0,13.0,12.0,0.0,14.0,16.0,15.0,17.0,11.0
15.0,15.0,13.0,14.0,15.0,16.0,14.0,14.0,13.0,14.0,14.0,0.0,14.0,16.0,16.0,13.0
15.0,13.0,15.0,14.0,16.0,15.0,14.0,13.0,12.0,14.0,16.0,14.0,0.0,16.0,17.0,16.0
15.0,15.0,15.0,13.0,13.0,15.0,12.0,14.0,14.0,14.0,15.0,16.0,16.0,0.0,17.0,15.0
17.0,17.0,17.0,17.0,16.0,17.0,17.0,16.0,14.0,17.0,17.0,16.0,17.0,17.0,0.0,17.0
14.0,15.0,13.0,11.0,16.0,14.0,11.0,10.0,13.0,10.0,11.0,13.0,16.0,15.0,17.0,0.0

Crossover:,(0,12,14),(1,7,14),(2,7,7),(3,14,7),(4,12,12),(5,7,12),(6,14,12),(7,14,12),(8,12,11),(9,7,14),(10,12,11),(11,7,7),(12,14,11),(13,11,12),(14,7,12),(15,11,12)
Mutation:
(HARMONIZE BARFIX44 FILP_5.0 CAR_0.7 FILP_6.0 TP_9.0 IV 10 7 1 ,HARMONIZE BARFIX44 FILP_5.0 CAR_0.7 FILP_6.0 TP_9.0 IV IV 10 7 1 )
(HARMONIZE BARFIX44 S TP_1.0 RV IV RV TP_0.0 FILP_6.0 TP_9.0 FILP_2.0 S CDR_0.3 CDR_0.8 11 8 S R_4 CAR_0.6 D 6 11 6 6 ,HARMONIZE BARFIX44 S TP_1.0 RV IV RV TP_0.0 FILP_6.0 TP_9.0 FILP_2.0 S CDR_0.3 CDR_0.8 11 8 S S R_4 CAR_0.6 D 6 11 CAR_0.6 D 6 11 6 6 )
(HARMONIZE BARFIX44 S TP_1.0 RV IV IV RV TP_0.0 IV TP_7.0 11 R_3 ,HARMONIZE BARFIX44 S TP_1.0 RV IV IV RV TP_0.0 IV TP_7.0 TP_7.0 11 R_3 )
(HARMONIZE BARFIX44 S FILP_6.0 TP_9.0 FILP_2.0 S CDR_0.3 CDR_0.8 11 8 S R_4 CAR_0.6 D 6 11 6 6 ,HARMONIZE BARFIX44 S FILP_6.0 TP_9.0 FILP_2.0 S CDR_0.3 CDR_0.8 CDR_0.8 11 8 S R_4 CAR_0.6 D 6 11 6 6 )
(HARMONIZE BARFIX44 MU CAR_0.9 SR_4.0 RV IV RV S RV 9 RV TP_2.0 S 11 IV 10 7 1 ,HARMONIZE BARFIX44 MU CAR_0.9 SR_4.0 RV IV RV S RV RV 9 RV TP_2.0 S 11 IV 10 7 1 )
(HARMONIZE BARFIX44 MU IV TP_7.0 11 R_3 ,HARMONIZE BARFIX44 MU IV TP_7.0 TP_7.0 11 R_3 )
(HARMONIZE BARFIX44 MU CAR_0.9 SR_4.0 RV IV RV S RV 9 RV FILP_2.0 S CDR_0.3 CDR_0.8 11 8 S R_4 CAR_0.6 D 6 11 6 6 ,HARMONIZE BARFIX44 MU CAR_0.9 SR_4.0 RV IV RV S RV RV 9 RV FILP_2.0 S CDR_0.3 CDR_0.8 11 8 S R_4 CAR_0.6 D 6 11 6 6 )
(HARMONIZE BARFIX44 FILP_5.0 CAR_0.7 FILP_6.0 TP_9.0 FILP_2.0 S CDR_0.3 CDR_0.8 11 8 S R_4 CAR_0.6 D 6 RV TP_2.0 S 11 IV 10 7 1 ,HARMONIZE BARFIX44 FILP_5.0 CAR_0.7 FILP_6.0 TP_9.0 FILP_2.0 S CDR_0.3 CDR_0.8 11 8 S S R_4 CAR_0.6 D 6 RV TP_2.0 S 11 IV 10 CAR_0.6 D 6 RV TP_2.0 S 11 IV 10 7 1 )
(HARMONIZE BARFIX44 MU CAR_0.9 SR_4.0 RV IV RV S RV S 3 R_4 4 IV IV IV R_6 9 ,HARMONIZE BARFIX44 MU CAR_0.9 SR_4.0 RV IV RV S RV S S 3 R_4 R_4 4 IV IV IV R_6 9 )
(HARMONIZE BARFIX44 FILP_5.0 CAR_0.7 FILP_6.0 TP_9.0 FILP_2.0 S CDR_0.3 CDR_0.8 11 8 S R_4 CAR_0.6 D 6 11 RV IV RV TP_0.0 IV TP_7.0 11 R_3 ,HARMONIZE BARFIX44 FILP_5.0 CAR_0.7 FILP_6.0 TP_9.0 FILP_2.0 S CDR_0.3 CDR_0.8 11 8 S R_4 CAR_0.6 D 6 11 RV IV RV TP_0.0 IV TP_7.0 TP_7.0 11 R_3 )
(HARMONIZE BARFIX44 MU CAR_0.9 SR_4.0 RV 4 IV IV IV R_6 9 ,HARMONIZE BARFIX44 MU CAR_0.9 SR_4.0 RV RV 4 IV IV IV R_6 9 )
(HARMONIZE BARFIX44 S TP_0.0 IV TP_7.0 11 R_3 ,HARMONIZE BARFIX44 S TP_0.0 IV TP_7.0 TP_7.0 11 R_3 )
(HARMONIZE BARFIX44 FILP_5.0 CAR_0.7 FILP_6.0 TP_9.0 FILP_2.0 S CDR_0.3 CDR_0.8 3 R_4 4 IV IV IV R_6 9 ,HARMONIZE BARFIX44 FILP_5.0 CAR_0.7 FILP_6.0 TP_9.0 FILP_2.0 S CDR_0.3 CDR_0.8 3 R_4 FILP_2.0 S CDR_0.3 CDR_0.8 3 R_4 4 IV IV IV R_6 9 )
(HARMONIZE BARFIX44 IV TP_7.0 RV RV S S FILP_6.0 S 3 R_4 IV RV S RV 9 RV TP_2.0 S 11 IV 10 7 1 ,HARMONIZE BARFIX44 IV TP_7.0 RV RV S S FILP_6.0 S 3 R_4 IV RV S RV RV 9 RV TP_2.0 S 11 IV 10 7 1 )
(HARMONIZE BARFIX44 MU CAR_0.9 SR_4.0 RV IV RV S RV 9 RV TP_2.0 S 11 IV 10 TP_1.0 RV IV RV TP_0.0 IV TP_7.0 11 R_3 ,HARMONIZE BARFIX44 MU CAR_0.9 SR_4.0 RV IV RV S RV 9 RV TP_2.0 S 11 IV IV 10 TP_1.0 RV IV RV TP_0.0 IV TP_7.0 11 R_3 )
(HARMONIZE BARFIX44 MU CAR_0.9 SR_4.0 RV IV RV S RV 9 RV FILP_6.0 S 3 R_4 4 IV IV IV R_6 9 ,HARMONIZE BARFIX44 MU CAR_0.9 SR_4.0 RV IV RV S RV 9 RV FILP_6.0 S S 3 R_4 R_4 4 IV IV IV R_6 9 )

