21038,100,33,0,0,0,66,0,66,33,100,0,33,33,33,100,33
0.0,6.0,7.0,11.0,11.0,5.0,10.0,5.0,5.0,5.0,8.0,4.0,6.0,4.0,5.0,10.0
6.0,0.0,8.0,11.0,11.0,8.0,9.0,7.0,8.0,7.0,10.0,7.0,7.0,7.0,6.0,11.0
7.0,8.0,0.0,11.0,11.0,7.0,10.0,6.0,7.0,7.0,9.0,7.0,7.0,7.0,7.0,12.0
11.0,11.0,11.0,0.0,11.0,9.0,8.0,11.0,12.0,11.0,11.0,11.0,11.0,11.0,11.0,11.0
11.0,11.0,11.0,11.0,0.0,11.0,10.0,11.0,12.0,11.0,12.0,11.0,12.0,11.0,11.0,12.0
5.0,8.0,7.0,9.0,11.0,0.0,10.0,7.0,7.0,7.0,10.0,6.0,8.0,6.0,6.0,10.0
10.0,9.0,10.0,8.0,10.0,10.0,0.0,9.0,10.0,9.0,11.0,9.0,8.0,9.0,9.0,10.0
5.0,7.0,6.0,11.0,11.0,7.0,9.0,0.0,4.0,5.0,9.0,4.0,6.0,4.0,5.0,11.0
5.0,8.0,7.0,12.0,12.0,7.0,10.0,4.0,0.0,4.0,10.0,2.0,6.0,4.0,6.0,11.0
5.0,7.0,7.0,11.0,11.0,7.0,9.0,5.0,4.0,0.0,10.0,4.0,6.0,4.0,5.0,10.0
8.0,10.0,9.0,11.0,12.0,10.0,11.0,9.0,10.0,10.0,0.0,10.0,10.0,9.0,10.0,10.0
4.0,7.0,7.0,11.0,11.0,6.0,9.0,4.0,2.0,4.0,10.0,0.0,6.0,4.0,6.0,11.0
6.0,7.0,7.0,11.0,12.0,8.0,8.0,6.0,6.0,6.0,10.0,6.0,0.0,6.0,7.0,10.0
4.0,7.0,7.0,11.0,11.0,6.0,9.0,4.0,4.0,4.0,9.0,4.0,6.0,0.0,6.0,9.0
5.0,6.0,7.0,11.0,11.0,6.0,9.0,5.0,6.0,5.0,10.0,6.0,7.0,6.0,0.0,10.0
10.0,11.0,12.0,11.0,12.0,10.0,10.0,11.0,11.0,10.0,10.0,11.0,10.0,9.0,10.0,0.0

Crossover:,(0,13,5),(1,9,8),(2,9,9),(3,7,12),(4,7,5),(5,9,11),(6,5,1),(7,5,13),(8,9,9),(8,12,14),(9,5,12),(10,1,1),(11,13,0),(12,14,9),(13,14,0),(14,1,13)
Mutation:
(HARMONIZE BARFIX44 RV TP_-6.0 IV RV R_4 ,HARMONIZE BARFIX44 RV TP_-6.0 IV RV RV R_4 )
(HARMONIZE BARFIX44 RV RV R_2 ,HARMONIZE BARFIX44 RV RV RV R_2 )
(HARMONIZE BARFIX44 RV MS RV 3 R_15 ,HARMONIZE BARFIX44 RV MS RV RV 3 R_15 )
(HARMONIZE BARFIX44 TP_-4.0 RV S TP_8.0 R_15 D 10 6 ,HARMONIZE BARFIX44 TP_-4.0 RV S TP_8.0 R_15 D D 10 6 6 )
(HARMONIZE BARFIX44 TP_-4.0 RV S 4 RV IV IV RV R_4 ,HARMONIZE BARFIX44 TP_-4.0 RV S S 4 RV IV IV RV R_4 RV IV IV RV R_4 )
(HARMONIZE BARFIX44 RV RV 0 ,HARMONIZE BARFIX44 RV RV RV 0 )
(HARMONIZE BARFIX44 RV SR_3.0 S D 11 8 4 RV IV IV RV R_4 ,HARMONIZE BARFIX44 RV SR_3.0 S D 11 D 11 8 4 RV IV IV RV R_4 )
(HARMONIZE BARFIX44 RV IV RV R_4 ,HARMONIZE BARFIX44 RV IV RV RV R_4 )
(HARMONIZE BARFIX44 RV TP_-9.0 RV S 10 6 ,HARMONIZE BARFIX44 RV TP_-9.0 RV S S 10 6 6 )
(HARMONIZE BARFIX44 D IV TP_8.0 R_15 D 10 6 ,HARMONIZE BARFIX44 D IV TP_8.0 TP_8.0 R_15 D 10 6 )
(HARMONIZE BARFIX44 RV SR_3.0 S D 11 8 7 0 ,HARMONIZE BARFIX44 RV SR_3.0 S D 11 8 S D 11 8 7 0 )
(HARMONIZE BARFIX44 SR_3.0 RV R_4 12 ,HARMONIZE BARFIX44 SR_3.0 RV RV R_4 12 )
(HARMONIZE BARFIX44 RV TP_-9.0 RV S 3 R_15 ,HARMONIZE BARFIX44 RV TP_-9.0 RV S S 3 R_15 R_15 )
(HARMONIZE BARFIX44 RV TP_-9.0 RV S RV R_4 IV RV 7 ,HARMONIZE BARFIX44 RV TP_-9.0 RV S RV RV R_4 IV RV 7 )
(HARMONIZE BARFIX44 RV TP_-6.0 SR_3.0 S D 11 8 7 0 ,HARMONIZE BARFIX44 RV TP_-6.0 SR_3.0 S D D 11 8 8 7 0 )
(HARMONIZE BARFIX44 RV TP_-9.0 RV S 11 RV IV 12 ,HARMONIZE BARFIX44 RV TP_-9.0 RV S S 11 RV IV 12 RV IV 12 )

