152536,50,50,50,50,50,50,0,50,50,50,50,50,50,50,50,50
0.0,7.0,4.0,11.0,4.0,11.0,9.0,3.0,3.0,5.0,4.0,9.0,4.0,9.0,10.0,8.0
7.0,0.0,7.0,10.0,7.0,11.0,9.0,8.0,8.0,7.0,8.0,8.0,7.0,9.0,9.0,9.0
4.0,7.0,0.0,11.0,4.0,11.0,8.0,4.0,3.0,5.0,4.0,9.0,4.0,10.0,10.0,8.0
11.0,10.0,11.0,0.0,12.0,12.0,11.0,11.0,11.0,8.0,11.0,10.0,11.0,11.0,10.0,10.0
4.0,7.0,4.0,12.0,0.0,11.0,8.0,2.0,3.0,7.0,3.0,9.0,4.0,8.0,10.0,9.0
11.0,11.0,11.0,12.0,11.0,0.0,11.0,11.0,11.0,11.0,11.0,10.0,11.0,9.0,12.0,11.0
9.0,9.0,8.0,11.0,8.0,11.0,0.0,9.0,9.0,10.0,9.0,8.0,9.0,10.0,10.0,9.0
3.0,8.0,4.0,11.0,2.0,11.0,9.0,0.0,2.0,6.0,3.0,9.0,4.0,8.0,11.0,8.0
3.0,8.0,3.0,11.0,3.0,11.0,9.0,2.0,0.0,5.0,3.0,9.0,4.0,10.0,10.0,8.0
5.0,7.0,5.0,8.0,7.0,11.0,10.0,6.0,5.0,0.0,7.0,9.0,7.0,10.0,10.0,7.0
4.0,8.0,4.0,11.0,3.0,11.0,9.0,3.0,3.0,7.0,0.0,9.0,3.0,9.0,10.0,7.0
9.0,8.0,9.0,10.0,9.0,10.0,8.0,9.0,9.0,9.0,9.0,0.0,9.0,10.0,10.0,10.0
4.0,7.0,4.0,11.0,4.0,11.0,9.0,4.0,4.0,7.0,3.0,9.0,0.0,9.0,9.0,8.0
9.0,9.0,10.0,11.0,8.0,9.0,10.0,8.0,10.0,10.0,9.0,10.0,9.0,0.0,9.0,9.0
10.0,9.0,10.0,10.0,10.0,12.0,10.0,11.0,10.0,10.0,10.0,10.0,9.0,9.0,0.0,9.0
8.0,9.0,8.0,10.0,9.0,11.0,9.0,8.0,8.0,7.0,7.0,10.0,8.0,9.0,9.0,0.0

Crossover:,(0,10,11),(1,1,3),(2,8,4),(3,5,14),(4,3,1),(5,9,7),(6,2,1),(7,5,4),(8,4,4),(9,4,15),(10,7,4),(11,14,15),(12,8,2),(13,14,0),(14,9,5),(15,10,8)
Mutation:
(HARMONIZE BARFIX44 TP_10.0 D 12 S RV RV R_5 12 ,HARMONIZE BARFIX44 TP_10.0 D D 12 S RV RV R_5 12 S RV RV R_5 12 )
(HARMONIZE BARFIX44 RV S RV RV 1 13 ,HARMONIZE BARFIX44 RV S RV RV RV 1 13 )
(HARMONIZE BARFIX44 IV RV 8 ,HARMONIZE BARFIX44 IV RV RV 8 )
(HARMONIZE BARFIX44 RV MS IV SR_4.0 MS R_10 MS 9 3 MS R_1 R_15 3 ,HARMONIZE BARFIX44 RV MS IV SR_4.0 MS R_10 MS 9 3 MS R_1 R_15 3 )
(HARMONIZE BARFIX44 MS RV RV 6 5 ,HARMONIZE BARFIX44 MS RV RV RV 6 5 )
(HARMONIZE BARFIX44 RV S S TP_-11.0 8 15 RV 8 ,HARMONIZE BARFIX44 RV S S TP_-11.0 TP_-11.0 8 15 RV 8 )
(HARMONIZE BARFIX44 RV S RV RV R_3 R_9 ,HARMONIZE BARFIX44 RV S RV RV RV R_3 R_9 )
(HARMONIZE BARFIX44 TP_11.0 SR_4.0 TP_9.0 10 4 ,HARMONIZE BARFIX44 TP_11.0 SR_4.0 TP_9.0 TP_9.0 10 4 )
(HARMONIZE BARFIX44 IV 4 ,HARMONIZE BARFIX44 IV IV 4 )
(HARMONIZE BARFIX44 S MS 0 8 MS S 15 10 4 ,HARMONIZE BARFIX44 S MS 0 8 MS S S 15 10 10 4 )
(HARMONIZE BARFIX44 TP_-5.0 RV 4 ,HARMONIZE BARFIX44 TP_-5.0 RV RV 4 )
(HARMONIZE BARFIX44 RV MS IV SR_4.0 MS R_10 15 10 12 ,HARMONIZE BARFIX44 RV MS IV SR_4.0 MS MS R_10 15 15 10 12 )
(HARMONIZE BARFIX44 RV R_9 ,HARMONIZE BARFIX44 RV RV R_9 )
(HARMONIZE BARFIX44 RV MS IV SR_4.0 MS R_10 MS 9 R_6 10 8 ,HARMONIZE BARFIX44 RV MS IV SR_4.0 R_10 10 8 )
(HARMONIZE BARFIX44 RV S S TP_-11.0 R_1 R_15 3 ,HARMONIZE BARFIX44 RV S S TP_-11.0 TP_-11.0 R_1 R_15 3 )
(HARMONIZE BARFIX44 MS RV R_5 8 ,HARMONIZE BARFIX44 MS RV RV R_5 8 )

