211866,44,80,87,43,45,43,50,50,50,88,44,46,47,45,45,46
0.0,5.0,5.0,4.0,7.0,5.0,3.0,11.0,10.0,11.0,5.0,5.0,5.0,4.0,5.0,11.0
5.0,0.0,5.0,5.0,9.0,4.0,4.0,11.0,11.0,11.0,5.0,5.0,5.0,5.0,4.0,11.0
5.0,5.0,0.0,3.0,8.0,5.0,4.0,12.0,11.0,11.0,4.0,4.0,4.0,5.0,3.0,12.0
4.0,5.0,3.0,0.0,8.0,5.0,4.0,11.0,10.0,11.0,3.0,3.0,4.0,5.0,4.0,11.0
7.0,9.0,8.0,8.0,0.0,8.0,7.0,10.0,11.0,11.0,8.0,8.0,8.0,7.0,8.0,10.0
5.0,4.0,5.0,5.0,8.0,0.0,5.0,11.0,11.0,11.0,5.0,4.0,5.0,5.0,4.0,10.0
3.0,4.0,4.0,4.0,7.0,5.0,0.0,11.0,11.0,12.0,3.0,3.0,4.0,4.0,4.0,11.0
11.0,11.0,12.0,11.0,10.0,11.0,11.0,0.0,12.0,11.0,10.0,10.0,10.0,8.0,11.0,11.0
10.0,11.0,11.0,10.0,11.0,11.0,11.0,12.0,0.0,11.0,11.0,12.0,11.0,11.0,12.0,12.0
11.0,11.0,11.0,11.0,11.0,11.0,12.0,11.0,11.0,0.0,12.0,12.0,11.0,11.0,10.0,12.0
5.0,5.0,4.0,3.0,8.0,5.0,3.0,10.0,11.0,12.0,0.0,2.0,3.0,4.0,4.0,10.0
5.0,5.0,4.0,3.0,8.0,4.0,3.0,10.0,12.0,12.0,2.0,0.0,3.0,4.0,4.0,10.0
5.0,5.0,4.0,4.0,8.0,5.0,4.0,10.0,11.0,11.0,3.0,3.0,0.0,4.0,4.0,10.0
4.0,5.0,5.0,5.0,7.0,5.0,4.0,8.0,11.0,11.0,4.0,4.0,4.0,0.0,5.0,10.0
5.0,4.0,3.0,4.0,8.0,4.0,4.0,11.0,12.0,10.0,4.0,4.0,4.0,5.0,0.0,11.0
11.0,11.0,12.0,11.0,10.0,10.0,11.0,11.0,12.0,12.0,10.0,10.0,10.0,10.0,11.0,0.0

Crossover:,(0,12,8),(1,11,1),(2,7,1),(3,3,11),(4,0,15),(5,12,0),(6,4,11),(7,13,8),(8,11,11),(9,4,14),(10,3,4),(11,5,1),(12,4,0),(13,4,13),(14,5,2),(15,13,9)
Mutation:
(HARMONIZE BARFIX44 FILP_5.0 MS IV SR_3.0 8 R_11 0 R_11 ,HARMONIZE BARFIX44 FILP_5.0 MS IV SR_3.0 SR_3.0 8 R_11 R_11 0 R_11 )
(HARMONIZE BARFIX44 S S 9 2 5 ,HARMONIZE BARFIX44 S S S 9 2 2 5 )
(HARMONIZE BARFIX44 S S 1 10 12 ,HARMONIZE BARFIX44 S S S 1 10 10 12 )
(HARMONIZE BARFIX44 RV MS 15 RV 5 ,HARMONIZE BARFIX44 RV MS MS 15 RV 5 RV 5 )
(HARMONIZE BARFIX44 IV IV MS D R_15 RV FILP_3.0 R_11 11 11 ,HARMONIZE BARFIX44 IV IV MS D R_15 RV FILP_3.0 R_11 FILP_3.0 R_11 11 11 )
(HARMONIZE BARFIX44 IV IV MS RV 0 R_11 ,HARMONIZE BARFIX44 IV IV MS RV RV 0 R_11 )
(HARMONIZE BARFIX44 RV 7 ,HARMONIZE BARFIX44 RV RV 7 )
(HARMONIZE BARFIX44 FILP_5.0 MS IV SR_3.0 8 R_11 SR_3.0 R_9 MS 4 IV RV 14 10 ,HARMONIZE BARFIX44 FILP_5.0 MS IV SR_3.0 8 R_11 SR_3.0 R_9 MS 4 IV RV 14 10 )
(HARMONIZE BARFIX44 RV RV RV 5 ,HARMONIZE BARFIX44 RV RV RV RV 5 )
(HARMONIZE BARFIX44 D IV TP_3.0 13 R_0 ,HARMONIZE BARFIX44 D IV TP_3.0 TP_3.0 13 R_0 )
(HARMONIZE BARFIX44 RV MS 13 7 ,HARMONIZE BARFIX44 RV MS MS 13 7 7 )
(HARMONIZE BARFIX44 S 4 RV 4 ,HARMONIZE BARFIX44 S S 4 RV 4 RV 4 )
(HARMONIZE BARFIX44 IV IV MS TP_11.0 13 7 ,HARMONIZE BARFIX44 IV IV MS TP_11.0 TP_11.0 13 7 )
(HARMONIZE BARFIX44 SR_3.0 0 D RV TP_11.0 13 7 ,HARMONIZE BARFIX44 SR_3.0 SR_3.0 0 D RV TP_11.0 13 7 D RV TP_11.0 13 7 )
(HARMONIZE BARFIX44 MS TP_3.0 4 RV 4 ,HARMONIZE BARFIX44 MS TP_3.0 TP_3.0 4 RV 4 )
(HARMONIZE BARFIX44 SR_3.0 TP_-4.0 RV 14 10 ,HARMONIZE BARFIX44 SR_3.0 TP_-4.0 RV RV 14 10 )

111518,92,45,43,90,50,50,45,44,50,46,93,46,50,50,50,50
0.0,10.0,10.0,9.0,9.0,7.0,10.0,9.0,10.0,9.0,9.0,10.0,9.0,13.0,9.0,9.0
10.0,0.0,4.0,7.0,12.0,7.0,7.0,14.0,6.0,7.0,7.0,5.0,7.0,13.0,7.0,7.0
10.0,4.0,0.0,8.0,12.0,7.0,7.0,14.0,7.0,7.0,7.0,5.0,7.0,13.0,7.0,6.0
9.0,7.0,8.0,0.0,10.0,6.0,6.0,12.0,4.0,8.0,5.0,6.0,7.0,11.0,6.0,7.0
9.0,12.0,12.0,10.0,0.0,7.0,11.0,13.0,11.0,11.0,11.0,11.0,9.0,12.0,11.0,11.0
7.0,7.0,7.0,6.0,7.0,0.0,5.0,11.0,5.0,6.0,6.0,6.0,4.0,11.0,6.0,5.0
10.0,7.0,7.0,6.0,11.0,5.0,0.0,13.0,3.0,6.0,4.0,5.0,6.0,10.0,5.0,4.0
9.0,14.0,14.0,12.0,13.0,11.0,13.0,0.0,13.0,13.0,12.0,12.0,12.0,13.0,11.0,10.0
10.0,6.0,7.0,4.0,11.0,5.0,3.0,13.0,0.0,6.0,5.0,5.0,7.0,11.0,5.0,4.0
9.0,7.0,7.0,8.0,11.0,6.0,6.0,13.0,6.0,0.0,6.0,7.0,5.0,11.0,5.0,6.0
9.0,7.0,7.0,5.0,11.0,6.0,4.0,12.0,5.0,6.0,0.0,7.0,5.0,10.0,6.0,6.0
10.0,5.0,5.0,6.0,11.0,6.0,5.0,12.0,5.0,7.0,7.0,0.0,7.0,11.0,4.0,6.0
9.0,7.0,7.0,7.0,9.0,4.0,6.0,12.0,7.0,5.0,5.0,7.0,0.0,9.0,7.0,7.0
13.0,13.0,13.0,11.0,12.0,11.0,10.0,13.0,11.0,11.0,10.0,11.0,9.0,0.0,12.0,10.0
9.0,7.0,7.0,6.0,11.0,6.0,5.0,11.0,5.0,5.0,6.0,4.0,7.0,12.0,0.0,6.0
9.0,7.0,6.0,7.0,11.0,5.0,4.0,10.0,4.0,6.0,6.0,6.0,7.0,10.0,6.0,0.0

Crossover:,(0,15,3),(1,11,2),(2,0,0),(3,3,10),(4,7,6),(5,13,6),(6,14,5),(7,2,15),(8,10,3),(9,10,1),(10,6,0),(11,10,4),(12,0,2),(13,0,8),(14,8,3),(15,3,1)
Mutation:
(HARMONIZE BARFIX44 SR_3.0 TP_-4.0 RV RV RV 5 RV 5 ,HARMONIZE BARFIX44 SR_3.0 TP_-4.0 RV RV RV RV 5 RV 5 )
(HARMONIZE BARFIX44 S S 4 10 12 ,HARMONIZE BARFIX44 S S S 4 10 10 12 )
(HARMONIZE BARFIX44 FILP_5.0 MS IV SR_3.0 SR_3.0 8 R_11 R_11 0 R_11 ,HARMONIZE BARFIX44 FILP_5.0 MS IV SR_3.0 SR_3.0 8 SR_3.0 8 R_11 R_11 0 R_11 )
(HARMONIZE BARFIX44 RV MS MS 13 7 7 ,HARMONIZE BARFIX44 RV MS MS 13 MS 13 7 7 )
(HARMONIZE BARFIX44 FILP_5.0 MS IV SR_3.0 8 R_11 SR_3.0 R_9 MS 4 IV RV 14 7 ,HARMONIZE BARFIX44 FILP_5.0 MS IV SR_3.0 8 R_11 SR_3.0 R_9 4 7 )
(HARMONIZE BARFIX44 RV D RV TP_11.0 13 7 ,HARMONIZE BARFIX44 RV D RV TP_11.0 TP_11.0 13 7 )
(HARMONIZE BARFIX44 MS RV 0 R_11 ,HARMONIZE BARFIX44 MS RV RV 0 R_11 )
(HARMONIZE BARFIX44 S TP_-4.0 RV RV 14 10 ,HARMONIZE BARFIX44 S TP_-4.0 RV RV RV 14 10 )
(HARMONIZE BARFIX44 RV MS MS 15 RV 5 RV 5 ,HARMONIZE BARFIX44 RV MS MS MS 15 RV 5 RV 5 RV 5 )
(HARMONIZE BARFIX44 S S 13 7 7 ,HARMONIZE BARFIX44 S S 13 S 13 7 7 )
(HARMONIZE BARFIX44 FILP_5.0 MS IV SR_3.0 SR_3.0 8 R_11 R_11 0 RV 7 ,HARMONIZE BARFIX44 FILP_5.0 MS IV SR_3.0 SR_3.0 8 R_11 R_11 0 RV 7 )
(HARMONIZE BARFIX44 RV MS MS R_15 RV FILP_3.0 R_11 FILP_3.0 R_11 11 11 ,HARMONIZE BARFIX44 RV MS MS R_15 RV FILP_3.0 FILP_3.0 R_11 FILP_3.0 R_11 11 FILP_3.0 R_11 11 11 )
(HARMONIZE BARFIX44 S S IV SR_3.0 SR_3.0 8 R_11 R_11 0 R_11 ,HARMONIZE BARFIX44 S S IV SR_3.0 SR_3.0 8 R_11 SR_3.0 SR_3.0 8 R_11 R_11 0 R_11 )
(HARMONIZE BARFIX44 RV RV RV R_11 ,HARMONIZE BARFIX44 RV RV RV RV R_11 )
(HARMONIZE BARFIX44 RV RV MS MS 15 RV 5 RV 5 ,HARMONIZE BARFIX44 RV RV MS MS MS 15 RV 5 RV 5 RV 5 )
(HARMONIZE BARFIX44 S S S 9 15 RV 5 RV 5 ,HARMONIZE BARFIX44 S S S 9 15 RV RV 5 RV 5 )

132893,46,45,50,50,97,44,44,45,91,50,85,46,50,45,93,45
0.0,9.0,11.0,9.0,10.0,7.0,7.0,5.0,6.0,9.0,10.0,14.0,13.0,5.0,7.0,5.0
9.0,0.0,12.0,8.0,10.0,7.0,7.0,6.0,11.0,5.0,11.0,15.0,12.0,7.0,12.0,7.0
11.0,12.0,0.0,11.0,7.0,12.0,9.0,12.0,11.0,12.0,4.0,12.0,4.0,11.0,12.0,12.0
9.0,8.0,11.0,0.0,8.0,5.0,7.0,8.0,8.0,4.0,9.0,12.0,14.0,7.0,9.0,10.0
10.0,10.0,7.0,8.0,0.0,9.0,8.0,10.0,10.0,9.0,4.0,13.0,9.0,9.0,11.0,10.0
7.0,7.0,12.0,5.0,9.0,0.0,6.0,6.0,9.0,6.0,10.0,13.0,14.0,5.0,10.0,9.0
7.0,7.0,9.0,7.0,8.0,6.0,0.0,5.0,8.0,7.0,9.0,12.0,12.0,2.0,9.0,8.0
5.0,6.0,12.0,8.0,10.0,6.0,5.0,0.0,9.0,6.0,11.0,14.0,13.0,4.0,10.0,7.0
6.0,11.0,11.0,8.0,10.0,9.0,8.0,9.0,0.0,11.0,9.0,12.0,14.0,7.0,1.0,5.0
9.0,5.0,12.0,4.0,9.0,6.0,7.0,6.0,11.0,0.0,10.0,15.0,12.0,7.0,12.0,8.0
10.0,11.0,4.0,9.0,4.0,10.0,9.0,11.0,9.0,10.0,0.0,12.0,8.0,10.0,10.0,10.0
14.0,15.0,12.0,12.0,13.0,13.0,12.0,14.0,12.0,15.0,12.0,0.0,13.0,12.0,13.0,15.0
13.0,12.0,4.0,14.0,9.0,14.0,12.0,13.0,14.0,12.0,8.0,13.0,0.0,13.0,14.0,12.0
5.0,7.0,11.0,7.0,9.0,5.0,2.0,4.0,7.0,7.0,10.0,12.0,13.0,0.0,8.0,7.0
7.0,12.0,12.0,9.0,11.0,10.0,9.0,10.0,1.0,12.0,10.0,13.0,14.0,8.0,0.0,6.0
5.0,7.0,12.0,10.0,10.0,9.0,8.0,7.0,5.0,8.0,10.0,15.0,12.0,7.0,6.0,0.0

Crossover:,(0,4,4),(1,1,1),(2,3,8),(3,11,4),(4,14,8),(5,13,10),(6,14,1),(7,15,15),(8,14,2),(9,10,14),(10,14,0),(11,7,1),(12,4,11),(13,7,8),(14,7,13),(15,6,14)
Mutation:
(HARMONIZE BARFIX44 FILP_5.0 MS R_11 SR_3.0 R_9 4 7 ,HARMONIZE BARFIX44 FILP_5.0 MS MS R_11 SR_3.0 R_9 4 SR_3.0 R_9 4 7 )
(HARMONIZE BARFIX44 S S S 4 10 10 12 ,HARMONIZE BARFIX44 S S S S 4 10 10 10 12 )
(HARMONIZE BARFIX44 RV MS MS MS 15 RV 5 RV 7 7 ,HARMONIZE BARFIX44 RV MS MS MS MS 15 RV 5 RV 5 RV 7 7 )
(HARMONIZE BARFIX44 RV MS MS R_9 4 7 ,HARMONIZE BARFIX44 RV MS MS MS R_9 4 4 7 )
(HARMONIZE BARFIX44 RV RV MS MS MS 15 RV 5 RV RV 5 RV 5 ,HARMONIZE BARFIX44 RV RV MS MS MS MS 15 RV 5 RV 5 RV RV 5 RV 5 )
(HARMONIZE BARFIX44 RV RV 7 ,HARMONIZE BARFIX44 RV RV RV 7 )
(HARMONIZE BARFIX44 S S S 4 5 RV 5 RV 5 ,HARMONIZE BARFIX44 S S S S 4 5 5 RV 5 RV 5 )
(HARMONIZE BARFIX44 S S S 9 15 RV RV 5 RV 5 ,HARMONIZE BARFIX44 S S S S 9 15 15 RV RV 5 RV 5 )
(HARMONIZE BARFIX44 FILP_5.0 MS IV SR_3.0 SR_3.0 8 SR_3.0 8 R_11 RV 5 RV 5 RV 5 ,HARMONIZE BARFIX44 FILP_5.0 MS IV SR_3.0 SR_3.0 8 SR_3.0 8 SR_3.0 8 R_11 RV 5 RV 5 RV 5 )
(HARMONIZE BARFIX44 RV RV MS MS MS 15 RV R_11 0 RV 7 ,HARMONIZE BARFIX44 RV RV MS MS MS 15 RV R_11 0 RV 7 )
(HARMONIZE BARFIX44 RV RV MS MS MS 15 RV 5 5 RV 5 ,HARMONIZE BARFIX44 RV RV MS MS 15 5 RV 5 )
(HARMONIZE BARFIX44 S RV 14 10 ,HARMONIZE BARFIX44 S RV RV 14 10 )
(HARMONIZE BARFIX44 FILP_5.0 FILP_3.0 FILP_3.0 R_11 FILP_3.0 R_11 11 FILP_3.0 R_11 11 11 ,HARMONIZE BARFIX44 FILP_5.0 FILP_3.0 FILP_3.0 R_11 FILP_3.0 R_11 11 FILP_3.0 R_11 11 11 )
(HARMONIZE BARFIX44 S TP_-4.0 MS MS 15 RV 5 RV 5 RV 5 ,HARMONIZE BARFIX44 S TP_-4.0 MS MS 15 RV 5 RV 5 RV 5 )
(HARMONIZE BARFIX44 S TP_-4.0 RV RV RV 14 RV RV R_11 ,HARMONIZE BARFIX44 S TP_-4.0 RV RV RV RV 14 RV RV R_11 )
(HARMONIZE BARFIX44 MS RV 5 RV 5 ,HARMONIZE BARFIX44 MS RV RV 5 RV 5 )

111228,95,50,43,93,44,50,92,82,50,46,91,46,47,46,46,32
0.0,10.0,10.0,5.0,14.0,10.0,11.0,12.0,13.0,9.0,10.0,11.0,9.0,10.0,11.0,10.0
10.0,0.0,13.0,9.0,16.0,9.0,6.0,8.0,17.0,11.0,9.0,7.0,11.0,10.0,9.0,9.0
10.0,13.0,0.0,8.0,5.0,9.0,9.0,9.0,12.0,5.0,6.0,11.0,13.0,5.0,10.0,8.0
5.0,9.0,8.0,0.0,12.0,6.0,11.0,12.0,16.0,6.0,5.0,8.0,11.0,9.0,9.0,7.0
14.0,16.0,5.0,12.0,0.0,13.0,10.0,10.0,12.0,8.0,8.0,14.0,16.0,7.0,12.0,10.0
10.0,9.0,9.0,6.0,13.0,0.0,9.0,9.0,14.0,7.0,5.0,3.0,11.0,8.0,7.0,3.0
11.0,6.0,9.0,11.0,10.0,9.0,0.0,4.0,12.0,10.0,8.0,9.0,11.0,5.0,8.0,7.0
12.0,8.0,9.0,12.0,10.0,9.0,4.0,0.0,12.0,9.0,8.0,9.0,12.0,6.0,9.0,7.0
13.0,17.0,12.0,16.0,12.0,14.0,12.0,12.0,0.0,15.0,14.0,15.0,15.0,11.0,14.0,11.0
9.0,11.0,5.0,6.0,8.0,7.0,10.0,9.0,15.0,0.0,5.0,9.0,11.0,7.0,9.0,8.0
10.0,9.0,6.0,5.0,8.0,5.0,8.0,8.0,14.0,5.0,0.0,7.0,11.0,5.0,7.0,4.0
11.0,7.0,11.0,8.0,14.0,3.0,9.0,9.0,15.0,9.0,7.0,0.0,11.0,8.0,6.0,4.0
9.0,11.0,13.0,11.0,16.0,11.0,11.0,12.0,15.0,11.0,11.0,11.0,0.0,11.0,11.0,11.0
10.0,10.0,5.0,9.0,7.0,8.0,5.0,6.0,11.0,7.0,5.0,8.0,11.0,0.0,6.0,5.0
11.0,9.0,10.0,9.0,12.0,7.0,8.0,9.0,14.0,9.0,7.0,6.0,11.0,6.0,0.0,7.0
10.0,9.0,8.0,7.0,10.0,3.0,7.0,7.0,11.0,8.0,4.0,4.0,11.0,5.0,7.0,0.0

Crossover:,(0,1,4),(1,5,11),(2,8,7),(3,10,1),(4,7,14),(5,12,2),(6,7,11),(7,14,13),(8,7,13),(9,11,0),(10,5,9),(11,11,12),(12,0,7),(13,8,6),(14,3,6),(15,3,2)
Mutation:
(HARMONIZE BARFIX44 S S S 5 RV 5 RV RV 5 RV 5 ,HARMONIZE BARFIX44 S S S 5 RV 5 RV RV 5 RV 5 )
(HARMONIZE BARFIX44 RV RV 10 ,HARMONIZE BARFIX44 RV RV RV 10 )
(HARMONIZE BARFIX44 S S IV SR_3.0 SR_3.0 8 SR_3.0 8 SR_3.0 8 R_11 RV 5 RV 5 RV 5 ,HARMONIZE BARFIX44 S S IV SR_3.0 8 RV 5 RV 5 RV 5 )
(HARMONIZE BARFIX44 RV RV MS MS 15 10 12 ,HARMONIZE BARFIX44 RV RV MS MS MS 15 10 10 12 )
(HARMONIZE BARFIX44 S TP_-4.0 RV RV RV RV S S S 9 15 15 RV RV 5 RV 5 ,HARMONIZE BARFIX44 S TP_-4.0 RV RV RV RV S S S 9 S 9 15 15 RV RV 5 RV 5 )
(HARMONIZE BARFIX44 RV MS MS MS MS 15 RV 5 11 FILP_3.0 R_11 11 11 ,HARMONIZE BARFIX44 RV MS MS MS MS 15 RV 5 11 FILP_3.0 FILP_3.0 R_11 11 11 11 )
(HARMONIZE BARFIX44 S RV S S S 9 15 15 RV RV 5 RV 5 ,HARMONIZE BARFIX44 S RV S S S 9 15 15 RV RV 5 RV 5 )
(HARMONIZE BARFIX44 S TP_-4.0 MS MS 15 RV 5 RV RV 14 RV RV R_11 ,HARMONIZE BARFIX44 S TP_-4.0 MS MS 15 RV 5 RV RV 14 RV RV R_11 )
(HARMONIZE BARFIX44 S S S S 9 15 5 RV 5 RV 5 ,HARMONIZE BARFIX44 S S S 9 5 RV 5 RV 5 )
(HARMONIZE BARFIX44 FILP_5.0 MS MS R_11 SR_3.0 R_9 4 SR_3.0 R_9 RV RV 14 10 ,HARMONIZE BARFIX44 FILP_5.0 MS MS R_11 SR_3.0 R_9 SR_3.0 R_9 4 SR_3.0 R_9 RV RV 14 10 )
(HARMONIZE BARFIX44 RV RV MS MS MS 15 RV R_11 0 7 ,HARMONIZE BARFIX44 RV RV MS MS MS MS 15 RV R_11 RV R_11 0 7 )
(HARMONIZE BARFIX44 FILP_5.0 FILP_3.0 FILP_3.0 R_11 FILP_3.0 R_11 11 RV RV 14 10 ,HARMONIZE BARFIX44 FILP_5.0 FILP_3.0 FILP_3.0 R_11 FILP_3.0 R_11 11 RV RV 14 10 )
(HARMONIZE BARFIX44 FILP_5.0 MS MS R_11 15 RV RV 5 RV 5 ,HARMONIZE BARFIX44 FILP_5.0 MS MS R_11 15 RV RV RV 5 RV 5 )
(HARMONIZE BARFIX44 S S S S 4 SR_3.0 8 SR_3.0 8 SR_3.0 8 R_11 RV 5 RV 5 RV 5 ,HARMONIZE BARFIX44 S S S S 4 SR_3.0 8 SR_3.0 8 SR_3.0 8 R_11 RV 5 RV 5 RV 5 )
(HARMONIZE BARFIX44 S S MS R_9 4 4 7 ,HARMONIZE BARFIX44 S S MS R_9 4 S MS R_9 4 4 7 )
(HARMONIZE BARFIX44 RV MS MS MS MS 15 RV 5 RV MS R_9 4 4 7 ,HARMONIZE BARFIX44 RV MS MS MS MS 15 RV 5 RV MS R_9 4 4 7 )

126587,50,44,45,44,43,90,45,89,44,46,46,45,45,97,50,50
0.0,8.0,4.0,11.0,11.0,13.0,5.0,7.0,3.0,14.0,11.0,10.0,6.0,10.0,9.0,11.0
8.0,0.0,8.0,6.0,16.0,13.0,10.0,10.0,7.0,12.0,10.0,8.0,8.0,15.0,11.0,11.0
4.0,8.0,0.0,11.0,13.0,13.0,7.0,8.0,4.0,13.0,11.0,10.0,6.0,8.0,9.0,11.0
11.0,6.0,11.0,0.0,16.0,10.0,11.0,11.0,9.0,14.0,7.0,11.0,9.0,18.0,9.0,9.0
11.0,16.0,13.0,16.0,0.0,18.0,6.0,14.0,11.0,17.0,15.0,17.0,13.0,14.0,16.0,18.0
13.0,13.0,13.0,10.0,18.0,0.0,14.0,10.0,13.0,13.0,8.0,14.0,11.0,17.0,14.0,7.0
5.0,10.0,7.0,11.0,6.0,14.0,0.0,10.0,5.0,14.0,10.0,11.0,7.0,10.0,11.0,12.0
7.0,10.0,8.0,11.0,14.0,10.0,10.0,0.0,9.0,12.0,10.0,10.0,7.0,14.0,11.0,8.0
3.0,7.0,4.0,9.0,11.0,13.0,5.0,9.0,0.0,14.0,11.0,10.0,7.0,10.0,9.0,11.0
14.0,12.0,13.0,14.0,17.0,13.0,14.0,12.0,14.0,0.0,13.0,9.0,10.0,14.0,12.0,12.0
11.0,10.0,11.0,7.0,15.0,8.0,10.0,10.0,11.0,13.0,0.0,11.0,8.0,16.0,11.0,6.0
10.0,8.0,10.0,11.0,17.0,14.0,11.0,10.0,10.0,9.0,11.0,0.0,8.0,16.0,11.0,13.0
6.0,8.0,6.0,9.0,13.0,11.0,7.0,7.0,7.0,10.0,8.0,8.0,0.0,13.0,10.0,9.0
10.0,15.0,8.0,18.0,14.0,17.0,10.0,14.0,10.0,14.0,16.0,16.0,13.0,0.0,15.0,17.0
9.0,11.0,9.0,9.0,16.0,14.0,11.0,11.0,9.0,12.0,11.0,11.0,10.0,15.0,0.0,8.0
11.0,11.0,11.0,9.0,18.0,7.0,12.0,8.0,11.0,12.0,6.0,13.0,9.0,17.0,8.0,0.0

Crossover:,(0,5,13),(1,4,7),(2,3,13),(3,11,10),(4,14,5),(5,13,9),(6,3,7),(7,1,12),(8,15,7),(9,8,5),(10,7,11),(11,13,13),(12,6,7),(13,14,7),(14,5,13),(15,15,5)
Mutation:
(HARMONIZE BARFIX44 RV MS RV 5 RV 5 ,HARMONIZE BARFIX44 RV MS RV RV 5 RV 5 )
(HARMONIZE BARFIX44 S TP_-4.0 MS MS 15 S S 9 S 9 15 15 RV RV 5 RV 5 ,HARMONIZE BARFIX44 S TP_-4.0 MS MS 15 S S 9 9 15 RV RV 5 RV 5 )
(HARMONIZE BARFIX44 S S S S 4 SR_3.0 8 SR_3.0 8 SR_3.0 8 15 10 10 12 ,HARMONIZE BARFIX44 S S S 4 10 10 12 )
(HARMONIZE BARFIX44 RV RV MS RV 14 10 ,HARMONIZE BARFIX44 RV RV MS RV RV 14 10 )
(HARMONIZE BARFIX44 RV MS MS MS MS 15 RV 5 11 4 7 ,HARMONIZE BARFIX44 RV MS MS MS MS 15 RV 5 11 4 7 )
(HARMONIZE BARFIX44 S S S S 4 SR_3.0 8 SR_3.0 8 SR_3.0 8 R_11 RV 5 RV RV 14 10 ,HARMONIZE BARFIX44 S S S S 4 SR_3.0 8 SR_3.0 8 SR_3.0 8 R_11 RV 5 RV RV RV 14 10 )
(HARMONIZE BARFIX44 RV RV MS MS MS 15 MS 15 RV 5 RV RV 14 RV RV R_11 ,HARMONIZE BARFIX44 RV RV MS MS MS 15 MS 15 RV 5 RV RV 14 RV RV R_11 )
(HARMONIZE BARFIX44 RV RV RV RV 5 ,HARMONIZE BARFIX44 RV RV RV RV RV 5 )
(HARMONIZE BARFIX44 S TP_-4.0 MS RV MS R_9 4 4 7 ,HARMONIZE BARFIX44 S TP_-4.0 MS RV MS MS R_9 4 4 4 7 )
(HARMONIZE BARFIX44 RV MS MS MS MS 15 RV 5 11 FILP_3.0 FILP_3.0 R_11 S 9 5 RV 5 RV 5 ,HARMONIZE BARFIX44 RV MS MS MS MS 15 RV 5 11 FILP_3.0 FILP_3.0 R_11 S 9 5 RV 5 RV 5 )
(HARMONIZE BARFIX44 S TP_-4.0 MS MS 15 RV FILP_3.0 R_11 11 RV RV 14 10 ,HARMONIZE BARFIX44 S TP_-4.0 MS 15 RV RV 14 10 )
(HARMONIZE BARFIX44 S S S S 4 SR_3.0 8 SR_3.0 8 SR_3.0 8 SR_3.0 8 R_11 RV 5 RV 5 RV 5 ,HARMONIZE BARFIX44 S S S S 4 SR_3.0 8 SR_3.0 8 SR_3.0 8 SR_3.0 8 R_11 RV 5 RV 5 RV 5 )
(HARMONIZE BARFIX44 S RV 14 RV RV R_11 ,HARMONIZE BARFIX44 S RV RV 14 RV RV R_11 )
(HARMONIZE BARFIX44 S S MS 15 RV 5 RV RV 14 RV RV R_11 ,HARMONIZE BARFIX44 S S MS 15 RV 5 RV RV 14 RV RV R_11 )
(HARMONIZE BARFIX44 RV MS MS S S 4 SR_3.0 8 SR_3.0 8 SR_3.0 8 R_11 RV 5 RV 5 RV 5 ,HARMONIZE BARFIX44 RV MS MS S S 4 SR_3.0 8 SR_3.0 8 SR_3.0 8 R_11 RV 5 RV RV 5 RV 5 )
(HARMONIZE BARFIX44 RV MS MS MS MS 15 RV 5 FILP_3.0 R_11 11 11 11 ,HARMONIZE BARFIX44 RV MS MS MS 15 FILP_3.0 R_11 11 11 11 )

